[0.458s] Invoking command in '/home/jasdeep_renny/welding_path_ws/src/geodesic_path_planner': PYTHONPATH=/home/jasdeep_renny/welding_path_ws/build/geodesic_path_planner/prefix_override:/usr/lib/python3/dist-packages/colcon_core/task/python/colcon_distutils_commands:/home/jasdeep_renny/welding_path_ws/install/geodesic_path_planner/lib/python3.10/site-packages:${PYTHONPATH} /usr/bin/python3 -W ignore:setup.py install is deprecated -W ignore:easy_install command is deprecated setup.py egg_info --egg-base ../../build/geodesic_path_planner build --build-base /home/jasdeep_renny/welding_path_ws/build/geodesic_path_planner/build install --record /home/jasdeep_renny/welding_path_ws/build/geodesic_path_planner/install.log --single-version-externally-managed install_data
[0.574s] running egg_info
[0.574s] writing ../../build/geodesic_path_planner/geodesic_path_planner.egg-info/PKG-INFO
[0.575s] writing dependency_links to ../../build/geodesic_path_planner/geodesic_path_planner.egg-info/dependency_links.txt
[0.575s] writing entry points to ../../build/geodesic_path_planner/geodesic_path_planner.egg-info/entry_points.txt
[0.575s] writing requirements to ../../build/geodesic_path_planner/geodesic_path_planner.egg-info/requires.txt
[0.575s] writing top-level names to ../../build/geodesic_path_planner/geodesic_path_planner.egg-info/top_level.txt
[0.576s] reading manifest file '../../build/geodesic_path_planner/geodesic_path_planner.egg-info/SOURCES.txt'
[0.576s] writing manifest file '../../build/geodesic_path_planner/geodesic_path_planner.egg-info/SOURCES.txt'
[0.576s] running build
[0.576s] running build_py
[0.577s] running install
[0.577s] running install_lib
[0.577s] running install_data
[0.577s] running install_egg_info
[0.578s] removing '/home/jasdeep_renny/welding_path_ws/install/geodesic_path_planner/lib/python3.10/site-packages/geodesic_path_planner-0.0.0-py3.10.egg-info' (and everything under it)
[0.578s] Copying ../../build/geodesic_path_planner/geodesic_path_planner.egg-info to /home/jasdeep_renny/welding_path_ws/install/geodesic_path_planner/lib/python3.10/site-packages/geodesic_path_planner-0.0.0-py3.10.egg-info
[0.579s] running install_scripts
[0.589s] writing list of installed files to '/home/jasdeep_renny/welding_path_ws/build/geodesic_path_planner/install.log'
[0.602s] Invoked command in '/home/jasdeep_renny/welding_path_ws/src/geodesic_path_planner' returned '0': PYTHONPATH=/home/jasdeep_renny/welding_path_ws/build/geodesic_path_planner/prefix_override:/usr/lib/python3/dist-packages/colcon_core/task/python/colcon_distutils_commands:/home/jasdeep_renny/welding_path_ws/install/geodesic_path_planner/lib/python3.10/site-packages:${PYTHONPATH} /usr/bin/python3 -W ignore:setup.py install is deprecated -W ignore:easy_install command is deprecated setup.py egg_info --egg-base ../../build/geodesic_path_planner build --build-base /home/jasdeep_renny/welding_path_ws/build/geodesic_path_planner/build install --record /home/jasdeep_renny/welding_path_ws/build/geodesic_path_planner/install.log --single-version-externally-managed install_data
