[0.449s] Invoking command in '/home/jasdeep_renny/welding_path_ws/src/point_selector_gui': PYTHONPATH=/home/jasdeep_renny/welding_path_ws/build/point_selector_gui/prefix_override:/usr/lib/python3/dist-packages/colcon_core/task/python/colcon_distutils_commands:/home/jasdeep_renny/welding_path_ws/install/point_selector_gui/lib/python3.10/site-packages:${PYTHONPATH} /usr/bin/python3 -W ignore:setup.py install is deprecated -W ignore:easy_install command is deprecated setup.py egg_info --egg-base ../../build/point_selector_gui build --build-base /home/jasdeep_renny/welding_path_ws/build/point_selector_gui/build install --record /home/jasdeep_renny/welding_path_ws/build/point_selector_gui/install.log --single-version-externally-managed install_data
[0.570s] running egg_info
[0.570s] writing ../../build/point_selector_gui/point_selector_gui.egg-info/PKG-INFO
[0.570s] writing dependency_links to ../../build/point_selector_gui/point_selector_gui.egg-info/dependency_links.txt
[0.570s] writing entry points to ../../build/point_selector_gui/point_selector_gui.egg-info/entry_points.txt
[0.570s] writing requirements to ../../build/point_selector_gui/point_selector_gui.egg-info/requires.txt
[0.570s] writing top-level names to ../../build/point_selector_gui/point_selector_gui.egg-info/top_level.txt
[0.571s] reading manifest file '../../build/point_selector_gui/point_selector_gui.egg-info/SOURCES.txt'
[0.572s] writing manifest file '../../build/point_selector_gui/point_selector_gui.egg-info/SOURCES.txt'
[0.572s] running build
[0.572s] running build_py
[0.572s] running install
[0.572s] running install_lib
[0.573s] running install_data
[0.573s] running install_egg_info
[0.574s] removing '/home/jasdeep_renny/welding_path_ws/install/point_selector_gui/lib/python3.10/site-packages/point_selector_gui-0.0.0-py3.10.egg-info' (and everything under it)
[0.574s] Copying ../../build/point_selector_gui/point_selector_gui.egg-info to /home/jasdeep_renny/welding_path_ws/install/point_selector_gui/lib/python3.10/site-packages/point_selector_gui-0.0.0-py3.10.egg-info
[0.574s] running install_scripts
[0.585s] writing list of installed files to '/home/jasdeep_renny/welding_path_ws/build/point_selector_gui/install.log'
[0.605s] Invoked command in '/home/jasdeep_renny/welding_path_ws/src/point_selector_gui' returned '0': PYTHONPATH=/home/jasdeep_renny/welding_path_ws/build/point_selector_gui/prefix_override:/usr/lib/python3/dist-packages/colcon_core/task/python/colcon_distutils_commands:/home/jasdeep_renny/welding_path_ws/install/point_selector_gui/lib/python3.10/site-packages:${PYTHONPATH} /usr/bin/python3 -W ignore:setup.py install is deprecated -W ignore:easy_install command is deprecated setup.py egg_info --egg-base ../../build/point_selector_gui build --build-base /home/jasdeep_renny/welding_path_ws/build/point_selector_gui/build install --record /home/jasdeep_renny/welding_path_ws/build/point_selector_gui/install.log --single-version-externally-managed install_data
