running egg_info
creating ../../build/point_selector_gui/point_selector_gui.egg-info
writing ../../build/point_selector_gui/point_selector_gui.egg-info/PKG-INFO
writing dependency_links to ../../build/point_selector_gui/point_selector_gui.egg-info/dependency_links.txt
writing entry points to ../../build/point_selector_gui/point_selector_gui.egg-info/entry_points.txt
writing requirements to ../../build/point_selector_gui/point_selector_gui.egg-info/requires.txt
writing top-level names to ../../build/point_selector_gui/point_selector_gui.egg-info/top_level.txt
writing manifest file '../../build/point_selector_gui/point_selector_gui.egg-info/SOURCES.txt'
reading manifest file '../../build/point_selector_gui/point_selector_gui.egg-info/SOURCES.txt'
writing manifest file '../../build/point_selector_gui/point_selector_gui.egg-info/SOURCES.txt'
running build
running build_py
creating /home/jasdeep_renny/welding_path_ws/build/point_selector_gui/build
creating /home/jasdeep_renny/welding_path_ws/build/point_selector_gui/build/lib
creating /home/jasdeep_renny/welding_path_ws/build/point_selector_gui/build/lib/point_selector_gui
copying point_selector_gui/__init__.py -> /home/jasdeep_renny/welding_path_ws/build/point_selector_gui/build/lib/point_selector_gui
running install
running install_lib
creating /home/jasdeep_renny/welding_path_ws/install/point_selector_gui/lib/python3.10/site-packages/point_selector_gui
copying /home/jasdeep_renny/welding_path_ws/build/point_selector_gui/build/lib/point_selector_gui/__init__.py -> /home/jasdeep_renny/welding_path_ws/install/point_selector_gui/lib/python3.10/site-packages/point_selector_gui
byte-compiling /home/jasdeep_renny/welding_path_ws/install/point_selector_gui/lib/python3.10/site-packages/point_selector_gui/__init__.py to __init__.cpython-310.pyc
running install_data
creating /home/jasdeep_renny/welding_path_ws/install/point_selector_gui/share/ament_index
creating /home/jasdeep_renny/welding_path_ws/install/point_selector_gui/share/ament_index/resource_index
creating /home/jasdeep_renny/welding_path_ws/install/point_selector_gui/share/ament_index/resource_index/packages
copying resource/point_selector_gui -> /home/jasdeep_renny/welding_path_ws/install/point_selector_gui/share/ament_index/resource_index/packages
copying package.xml -> /home/jasdeep_renny/welding_path_ws/install/point_selector_gui/share/point_selector_gui
running install_egg_info
Copying ../../build/point_selector_gui/point_selector_gui.egg-info to /home/jasdeep_renny/welding_path_ws/install/point_selector_gui/lib/python3.10/site-packages/point_selector_gui-0.0.0-py3.10.egg-info
running install_scripts
writing list of installed files to '/home/jasdeep_renny/welding_path_ws/build/point_selector_gui/install.log'
