[0.525s] Invoking command in '/home/jasdeep_renny/welding_path_ws/src/geodesic_path_planner': PYTHONPATH=/home/jasdeep_renny/welding_path_ws/build/geodesic_path_planner/prefix_override:/usr/lib/python3/dist-packages/colcon_core/task/python/colcon_distutils_commands:/home/jasdeep_renny/welding_path_ws/install/geodesic_path_planner/lib/python3.10/site-packages:${PYTHONPATH} /usr/bin/python3 -W ignore:setup.py install is deprecated -W ignore:easy_install command is deprecated setup.py egg_info --egg-base ../../build/geodesic_path_planner build --build-base /home/jasdeep_renny/welding_path_ws/build/geodesic_path_planner/build install --record /home/jasdeep_renny/welding_path_ws/build/geodesic_path_planner/install.log --single-version-externally-managed install_data
[0.636s] running egg_info
[0.637s] creating ../../build/geodesic_path_planner/geodesic_path_planner.egg-info
[0.637s] writing ../../build/geodesic_path_planner/geodesic_path_planner.egg-info/PKG-INFO
[0.637s] writing dependency_links to ../../build/geodesic_path_planner/geodesic_path_planner.egg-info/dependency_links.txt
[0.638s] writing entry points to ../../build/geodesic_path_planner/geodesic_path_planner.egg-info/entry_points.txt
[0.638s] writing requirements to ../../build/geodesic_path_planner/geodesic_path_planner.egg-info/requires.txt
[0.638s] writing top-level names to ../../build/geodesic_path_planner/geodesic_path_planner.egg-info/top_level.txt
[0.638s] writing manifest file '../../build/geodesic_path_planner/geodesic_path_planner.egg-info/SOURCES.txt'
[0.638s] reading manifest file '../../build/geodesic_path_planner/geodesic_path_planner.egg-info/SOURCES.txt'
[0.638s] writing manifest file '../../build/geodesic_path_planner/geodesic_path_planner.egg-info/SOURCES.txt'
[0.639s] running build
[0.639s] running build_py
[0.639s] creating /home/jasdeep_renny/welding_path_ws/build/geodesic_path_planner/build
[0.639s] creating /home/jasdeep_renny/welding_path_ws/build/geodesic_path_planner/build/lib
[0.640s] creating /home/jasdeep_renny/welding_path_ws/build/geodesic_path_planner/build/lib/geodesic_path_planner
[0.640s] copying geodesic_path_planner/__init__.py -> /home/jasdeep_renny/welding_path_ws/build/geodesic_path_planner/build/lib/geodesic_path_planner
[0.640s] running install
[0.640s] running install_lib
[0.642s] creating /home/jasdeep_renny/welding_path_ws/install/geodesic_path_planner/lib/python3.10/site-packages/geodesic_path_planner
[0.642s] copying /home/jasdeep_renny/welding_path_ws/build/geodesic_path_planner/build/lib/geodesic_path_planner/__init__.py -> /home/jasdeep_renny/welding_path_ws/install/geodesic_path_planner/lib/python3.10/site-packages/geodesic_path_planner
[0.642s] byte-compiling /home/jasdeep_renny/welding_path_ws/install/geodesic_path_planner/lib/python3.10/site-packages/geodesic_path_planner/__init__.py to __init__.cpython-310.pyc
[0.642s] running install_data
[0.642s] creating /home/jasdeep_renny/welding_path_ws/install/geodesic_path_planner/share/ament_index
[0.642s] creating /home/jasdeep_renny/welding_path_ws/install/geodesic_path_planner/share/ament_index/resource_index
[0.642s] creating /home/jasdeep_renny/welding_path_ws/install/geodesic_path_planner/share/ament_index/resource_index/packages
[0.642s] copying resource/geodesic_path_planner -> /home/jasdeep_renny/welding_path_ws/install/geodesic_path_planner/share/ament_index/resource_index/packages
[0.642s] copying package.xml -> /home/jasdeep_renny/welding_path_ws/install/geodesic_path_planner/share/geodesic_path_planner
[0.642s] running install_egg_info
[0.643s] Copying ../../build/geodesic_path_planner/geodesic_path_planner.egg-info to /home/jasdeep_renny/welding_path_ws/install/geodesic_path_planner/lib/python3.10/site-packages/geodesic_path_planner-0.0.0-py3.10.egg-info
[0.643s] running install_scripts
[0.652s] writing list of installed files to '/home/jasdeep_renny/welding_path_ws/build/geodesic_path_planner/install.log'
[0.672s] Invoked command in '/home/jasdeep_renny/welding_path_ws/src/geodesic_path_planner' returned '0': PYTHONPATH=/home/jasdeep_renny/welding_path_ws/build/geodesic_path_planner/prefix_override:/usr/lib/python3/dist-packages/colcon_core/task/python/colcon_distutils_commands:/home/jasdeep_renny/welding_path_ws/install/geodesic_path_planner/lib/python3.10/site-packages:${PYTHONPATH} /usr/bin/python3 -W ignore:setup.py install is deprecated -W ignore:easy_install command is deprecated setup.py egg_info --egg-base ../../build/geodesic_path_planner build --build-base /home/jasdeep_renny/welding_path_ws/build/geodesic_path_planner/build install --record /home/jasdeep_renny/welding_path_ws/build/geodesic_path_planner/install.log --single-version-externally-managed install_data
