[0.094s] DEBUG:colcon:Command line arguments: ['/usr/bin/colcon', 'build']
[0.094s] DEBUG:colcon:Parsed command line arguments: Namespace(log_base=None, log_level=None, verb_name='build', build_base='build', install_base='install', merge_install=False, symlink_install=False, test_result_base=None, continue_on_error=False, executor='parallel', parallel_workers=6, event_handlers=None, ignore_user_meta=False, metas=['./colcon.meta'], base_paths=['.'], packages_ignore=None, packages_ignore_regex=None, paths=None, packages_up_to=None, packages_up_to_regex=None, packages_above=None, packages_above_and_dependencies=None, packages_above_depth=None, packages_select_by_dep=None, packages_skip_by_dep=None, packages_skip_up_to=None, packages_select_build_failed=False, packages_skip_build_finished=False, packages_select_test_failures=False, packages_skip_test_passed=False, packages_select=None, packages_skip=None, packages_select_regex=None, packages_skip_regex=None, packages_start=None, packages_end=None, allow_overriding=[], cmake_args=None, cmake_target=None, cmake_target_skip_unavailable=False, cmake_clean_cache=False, cmake_clean_first=False, cmake_force_configure=False, ament_cmake_args=None, catkin_cmake_args=None, catkin_skip_building_tests=False, mixin_files=None, mixin=None, verb_parser=<colcon_mixin.mixin.mixin_argument.MixinArgumentDecorator object at 0xffff90a35000>, verb_extension=<colcon_core.verb.build.BuildVerb object at 0xffff90c05f90>, main=<bound method BuildVerb.main of <colcon_core.verb.build.BuildVerb object at 0xffff90c05f90>>, mixin_verb=('build',))
[0.220s] Level 1:colcon.colcon_core.package_discovery:discover_packages(colcon_meta) check parameters
[0.220s] Level 1:colcon.colcon_core.package_discovery:discover_packages(recursive) check parameters
[0.220s] Level 1:colcon.colcon_core.package_discovery:discover_packages(ignore) check parameters
[0.220s] Level 1:colcon.colcon_core.package_discovery:discover_packages(path) check parameters
[0.220s] Level 1:colcon.colcon_core.package_discovery:discover_packages(colcon_meta) discover
[0.220s] Level 1:colcon.colcon_core.package_discovery:discover_packages(recursive) discover
[0.220s] INFO:colcon.colcon_core.package_discovery:Crawling recursively for packages in '/home/jasdeep_renny/welding_path_ws'
[0.220s] Level 1:colcon.colcon_core.package_identification:_identify(.) by extensions ['ignore', 'ignore_ament_install']
[0.220s] Level 1:colcon.colcon_core.package_identification:_identify(.) by extension 'ignore'
[0.220s] Level 1:colcon.colcon_core.package_identification:_identify(.) by extension 'ignore_ament_install'
[0.220s] Level 1:colcon.colcon_core.package_identification:_identify(.) by extensions ['colcon_pkg']
[0.220s] Level 1:colcon.colcon_core.package_identification:_identify(.) by extension 'colcon_pkg'
[0.220s] Level 1:colcon.colcon_core.package_identification:_identify(.) by extensions ['colcon_meta']
[0.220s] Level 1:colcon.colcon_core.package_identification:_identify(.) by extension 'colcon_meta'
[0.220s] Level 1:colcon.colcon_core.package_identification:_identify(.) by extensions ['ros']
[0.220s] Level 1:colcon.colcon_core.package_identification:_identify(.) by extension 'ros'
[0.228s] Level 1:colcon.colcon_core.package_identification:_identify(.) by extensions ['cmake', 'python']
[0.228s] Level 1:colcon.colcon_core.package_identification:_identify(.) by extension 'cmake'
[0.228s] Level 1:colcon.colcon_core.package_identification:_identify(.) by extension 'python'
[0.228s] Level 1:colcon.colcon_core.package_identification:_identify(.) by extensions ['python_setup_py']
[0.228s] Level 1:colcon.colcon_core.package_identification:_identify(.) by extension 'python_setup_py'
[0.228s] Level 1:colcon.colcon_core.package_identification:_identify(build) by extensions ['ignore', 'ignore_ament_install']
[0.228s] Level 1:colcon.colcon_core.package_identification:_identify(build) by extension 'ignore'
[0.228s] Level 1:colcon.colcon_core.package_identification:_identify(build) ignored
[0.229s] Level 1:colcon.colcon_core.package_identification:_identify(install) by extensions ['ignore', 'ignore_ament_install']
[0.229s] Level 1:colcon.colcon_core.package_identification:_identify(install) by extension 'ignore'
[0.229s] Level 1:colcon.colcon_core.package_identification:_identify(install) ignored
[0.229s] Level 1:colcon.colcon_core.package_identification:_identify(log) by extensions ['ignore', 'ignore_ament_install']
[0.229s] Level 1:colcon.colcon_core.package_identification:_identify(log) by extension 'ignore'
[0.229s] Level 1:colcon.colcon_core.package_identification:_identify(log) ignored
[0.229s] Level 1:colcon.colcon_core.package_identification:_identify(src) by extensions ['ignore', 'ignore_ament_install']
[0.229s] Level 1:colcon.colcon_core.package_identification:_identify(src) by extension 'ignore'
[0.229s] Level 1:colcon.colcon_core.package_identification:_identify(src) by extension 'ignore_ament_install'
[0.229s] Level 1:colcon.colcon_core.package_identification:_identify(src) by extensions ['colcon_pkg']
[0.229s] Level 1:colcon.colcon_core.package_identification:_identify(src) by extension 'colcon_pkg'
[0.229s] Level 1:colcon.colcon_core.package_identification:_identify(src) by extensions ['colcon_meta']
[0.229s] Level 1:colcon.colcon_core.package_identification:_identify(src) by extension 'colcon_meta'
[0.229s] Level 1:colcon.colcon_core.package_identification:_identify(src) by extensions ['ros']
[0.229s] Level 1:colcon.colcon_core.package_identification:_identify(src) by extension 'ros'
[0.229s] Level 1:colcon.colcon_core.package_identification:_identify(src) by extensions ['cmake', 'python']
[0.229s] Level 1:colcon.colcon_core.package_identification:_identify(src) by extension 'cmake'
[0.229s] Level 1:colcon.colcon_core.package_identification:_identify(src) by extension 'python'
[0.229s] Level 1:colcon.colcon_core.package_identification:_identify(src) by extensions ['python_setup_py']
[0.229s] Level 1:colcon.colcon_core.package_identification:_identify(src) by extension 'python_setup_py'
[0.229s] Level 1:colcon.colcon_core.package_identification:_identify(src/geodesic_path_planner) by extensions ['ignore', 'ignore_ament_install']
[0.229s] Level 1:colcon.colcon_core.package_identification:_identify(src/geodesic_path_planner) by extension 'ignore'
[0.229s] Level 1:colcon.colcon_core.package_identification:_identify(src/geodesic_path_planner) by extension 'ignore_ament_install'
[0.229s] Level 1:colcon.colcon_core.package_identification:_identify(src/geodesic_path_planner) by extensions ['colcon_pkg']
[0.229s] Level 1:colcon.colcon_core.package_identification:_identify(src/geodesic_path_planner) by extension 'colcon_pkg'
[0.229s] Level 1:colcon.colcon_core.package_identification:_identify(src/geodesic_path_planner) by extensions ['colcon_meta']
[0.229s] Level 1:colcon.colcon_core.package_identification:_identify(src/geodesic_path_planner) by extension 'colcon_meta'
[0.229s] Level 1:colcon.colcon_core.package_identification:_identify(src/geodesic_path_planner) by extensions ['ros']
[0.229s] Level 1:colcon.colcon_core.package_identification:_identify(src/geodesic_path_planner) by extension 'ros'
[0.231s] DEBUG:colcon.colcon_core.package_identification:Package 'src/geodesic_path_planner' with type 'ros.ament_python' and name 'geodesic_path_planner'
[0.231s] Level 1:colcon.colcon_core.package_identification:_identify(src/point_selector_gui) by extensions ['ignore', 'ignore_ament_install']
[0.231s] Level 1:colcon.colcon_core.package_identification:_identify(src/point_selector_gui) by extension 'ignore'
[0.231s] Level 1:colcon.colcon_core.package_identification:_identify(src/point_selector_gui) by extension 'ignore_ament_install'
[0.231s] Level 1:colcon.colcon_core.package_identification:_identify(src/point_selector_gui) by extensions ['colcon_pkg']
[0.231s] Level 1:colcon.colcon_core.package_identification:_identify(src/point_selector_gui) by extension 'colcon_pkg'
[0.231s] Level 1:colcon.colcon_core.package_identification:_identify(src/point_selector_gui) by extensions ['colcon_meta']
[0.231s] Level 1:colcon.colcon_core.package_identification:_identify(src/point_selector_gui) by extension 'colcon_meta'
[0.231s] Level 1:colcon.colcon_core.package_identification:_identify(src/point_selector_gui) by extensions ['ros']
[0.231s] Level 1:colcon.colcon_core.package_identification:_identify(src/point_selector_gui) by extension 'ros'
[0.235s] DEBUG:colcon.colcon_core.package_identification:Package 'src/point_selector_gui' with type 'ros.ament_python' and name 'point_selector_gui'
[0.235s] Level 1:colcon.colcon_core.package_discovery:discover_packages(recursive) using defaults
[0.236s] Level 1:colcon.colcon_core.package_discovery:discover_packages(ignore) discover
[0.236s] Level 1:colcon.colcon_core.package_discovery:discover_packages(ignore) using defaults
[0.236s] Level 1:colcon.colcon_core.package_discovery:discover_packages(path) discover
[0.236s] Level 1:colcon.colcon_core.package_discovery:discover_packages(path) using defaults
[0.253s] Level 1:colcon.colcon_core.package_discovery:discover_packages(prefix_path) check parameters
[0.253s] Level 1:colcon.colcon_core.package_discovery:discover_packages(prefix_path) discover
[0.264s] DEBUG:colcon.colcon_installed_package_information.package_discovery:Found 30 installed packages in /home/jasdeep_renny/ros2_ws/install
[0.265s] DEBUG:colcon.colcon_installed_package_information.package_discovery:Found 302 installed packages in /opt/ros/humble
[0.266s] Level 1:colcon.colcon_core.package_discovery:discover_packages(prefix_path) using defaults
[0.331s] Level 5:colcon.colcon_core.verb:set package 'geodesic_path_planner' build argument 'cmake_args' from command line to 'None'
[0.331s] Level 5:colcon.colcon_core.verb:set package 'geodesic_path_planner' build argument 'cmake_target' from command line to 'None'
[0.331s] Level 5:colcon.colcon_core.verb:set package 'geodesic_path_planner' build argument 'cmake_target_skip_unavailable' from command line to 'False'
[0.331s] Level 5:colcon.colcon_core.verb:set package 'geodesic_path_planner' build argument 'cmake_clean_cache' from command line to 'False'
[0.331s] Level 5:colcon.colcon_core.verb:set package 'geodesic_path_planner' build argument 'cmake_clean_first' from command line to 'False'
[0.331s] Level 5:colcon.colcon_core.verb:set package 'geodesic_path_planner' build argument 'cmake_force_configure' from command line to 'False'
[0.331s] Level 5:colcon.colcon_core.verb:set package 'geodesic_path_planner' build argument 'ament_cmake_args' from command line to 'None'
[0.331s] Level 5:colcon.colcon_core.verb:set package 'geodesic_path_planner' build argument 'catkin_cmake_args' from command line to 'None'
[0.331s] Level 5:colcon.colcon_core.verb:set package 'geodesic_path_planner' build argument 'catkin_skip_building_tests' from command line to 'False'
[0.331s] DEBUG:colcon.colcon_core.verb:Building package 'geodesic_path_planner' with the following arguments: {'ament_cmake_args': None, 'build_base': '/home/jasdeep_renny/welding_path_ws/build/geodesic_path_planner', 'catkin_cmake_args': None, 'catkin_skip_building_tests': False, 'cmake_args': None, 'cmake_clean_cache': False, 'cmake_clean_first': False, 'cmake_force_configure': False, 'cmake_target': None, 'cmake_target_skip_unavailable': False, 'install_base': '/home/jasdeep_renny/welding_path_ws/install/geodesic_path_planner', 'merge_install': False, 'path': '/home/jasdeep_renny/welding_path_ws/src/geodesic_path_planner', 'symlink_install': False, 'test_result_base': None}
[0.331s] Level 5:colcon.colcon_core.verb:set package 'point_selector_gui' build argument 'cmake_args' from command line to 'None'
[0.331s] Level 5:colcon.colcon_core.verb:set package 'point_selector_gui' build argument 'cmake_target' from command line to 'None'
[0.331s] Level 5:colcon.colcon_core.verb:set package 'point_selector_gui' build argument 'cmake_target_skip_unavailable' from command line to 'False'
[0.331s] Level 5:colcon.colcon_core.verb:set package 'point_selector_gui' build argument 'cmake_clean_cache' from command line to 'False'
[0.331s] Level 5:colcon.colcon_core.verb:set package 'point_selector_gui' build argument 'cmake_clean_first' from command line to 'False'
[0.331s] Level 5:colcon.colcon_core.verb:set package 'point_selector_gui' build argument 'cmake_force_configure' from command line to 'False'
[0.331s] Level 5:colcon.colcon_core.verb:set package 'point_selector_gui' build argument 'ament_cmake_args' from command line to 'None'
[0.331s] Level 5:colcon.colcon_core.verb:set package 'point_selector_gui' build argument 'catkin_cmake_args' from command line to 'None'
[0.331s] Level 5:colcon.colcon_core.verb:set package 'point_selector_gui' build argument 'catkin_skip_building_tests' from command line to 'False'
[0.331s] DEBUG:colcon.colcon_core.verb:Building package 'point_selector_gui' with the following arguments: {'ament_cmake_args': None, 'build_base': '/home/jasdeep_renny/welding_path_ws/build/point_selector_gui', 'catkin_cmake_args': None, 'catkin_skip_building_tests': False, 'cmake_args': None, 'cmake_clean_cache': False, 'cmake_clean_first': False, 'cmake_force_configure': False, 'cmake_target': None, 'cmake_target_skip_unavailable': False, 'install_base': '/home/jasdeep_renny/welding_path_ws/install/point_selector_gui', 'merge_install': False, 'path': '/home/jasdeep_renny/welding_path_ws/src/point_selector_gui', 'symlink_install': False, 'test_result_base': None}
[0.331s] INFO:colcon.colcon_core.executor:Executing jobs using 'parallel' executor
[0.332s] DEBUG:colcon.colcon_parallel_executor.executor.parallel:run_until_complete
[0.332s] INFO:colcon.colcon_ros.task.ament_python.build:Building ROS package in '/home/jasdeep_renny/welding_path_ws/src/geodesic_path_planner' with build type 'ament_python'
[0.332s] Level 1:colcon.colcon_core.shell:create_environment_hook('geodesic_path_planner', 'ament_prefix_path')
[0.333s] INFO:colcon.colcon_core.plugin_system:Skipping extension 'colcon_core.shell.bat': Not used on non-Windows systems
[0.333s] INFO:colcon.colcon_core.shell:Creating environment hook '/home/jasdeep_renny/welding_path_ws/install/geodesic_path_planner/share/geodesic_path_planner/hook/ament_prefix_path.ps1'
[0.334s] INFO:colcon.colcon_core.shell:Creating environment descriptor '/home/jasdeep_renny/welding_path_ws/install/geodesic_path_planner/share/geodesic_path_planner/hook/ament_prefix_path.dsv'
[0.334s] INFO:colcon.colcon_core.shell:Creating environment hook '/home/jasdeep_renny/welding_path_ws/install/geodesic_path_planner/share/geodesic_path_planner/hook/ament_prefix_path.sh'
[0.334s] INFO:colcon.colcon_core.shell:Skip shell extension 'powershell' for command environment: Not usable outside of PowerShell
[0.334s] DEBUG:colcon.colcon_core.shell:Skip shell extension 'dsv' for command environment
[0.337s] INFO:colcon.colcon_ros.task.ament_python.build:Building ROS package in '/home/jasdeep_renny/welding_path_ws/src/point_selector_gui' with build type 'ament_python'
[0.337s] Level 1:colcon.colcon_core.shell:create_environment_hook('point_selector_gui', 'ament_prefix_path')
[0.337s] INFO:colcon.colcon_core.shell:Creating environment hook '/home/jasdeep_renny/welding_path_ws/install/point_selector_gui/share/point_selector_gui/hook/ament_prefix_path.ps1'
[0.338s] INFO:colcon.colcon_core.shell:Creating environment descriptor '/home/jasdeep_renny/welding_path_ws/install/point_selector_gui/share/point_selector_gui/hook/ament_prefix_path.dsv'
[0.338s] INFO:colcon.colcon_core.shell:Creating environment hook '/home/jasdeep_renny/welding_path_ws/install/point_selector_gui/share/point_selector_gui/hook/ament_prefix_path.sh'
[0.338s] INFO:colcon.colcon_core.shell:Skip shell extension 'powershell' for command environment: Not usable outside of PowerShell
[0.338s] DEBUG:colcon.colcon_core.shell:Skip shell extension 'dsv' for command environment
[0.488s] INFO:colcon.colcon_core.task.python.build:Building Python package in '/home/jasdeep_renny/welding_path_ws/src/geodesic_path_planner'
[0.488s] INFO:colcon.colcon_core.shell:Skip shell extension 'powershell' for command environment: Not usable outside of PowerShell
[0.488s] DEBUG:colcon.colcon_core.shell:Skip shell extension 'dsv' for command environment
[0.617s] INFO:colcon.colcon_core.task.python.build:Building Python package in '/home/jasdeep_renny/welding_path_ws/src/point_selector_gui'
[0.617s] INFO:colcon.colcon_core.shell:Skip shell extension 'powershell' for command environment: Not usable outside of PowerShell
[0.617s] DEBUG:colcon.colcon_core.shell:Skip shell extension 'dsv' for command environment
[0.857s] DEBUG:colcon.colcon_core.event_handler.log_command:Invoking command in '/home/jasdeep_renny/welding_path_ws/src/geodesic_path_planner': PYTHONPATH=/home/jasdeep_renny/welding_path_ws/build/geodesic_path_planner/prefix_override:/usr/lib/python3/dist-packages/colcon_core/task/python/colcon_distutils_commands:/home/jasdeep_renny/welding_path_ws/install/geodesic_path_planner/lib/python3.10/site-packages:${PYTHONPATH} /usr/bin/python3 -W ignore:setup.py install is deprecated -W ignore:easy_install command is deprecated setup.py egg_info --egg-base ../../build/geodesic_path_planner build --build-base /home/jasdeep_renny/welding_path_ws/build/geodesic_path_planner/build install --record /home/jasdeep_renny/welding_path_ws/build/geodesic_path_planner/install.log --single-version-externally-managed install_data
[0.860s] DEBUG:colcon.colcon_core.event_handler.log_command:Invoking command in '/home/jasdeep_renny/welding_path_ws/src/point_selector_gui': PYTHONPATH=/home/jasdeep_renny/welding_path_ws/build/point_selector_gui/prefix_override:/usr/lib/python3/dist-packages/colcon_core/task/python/colcon_distutils_commands:/home/jasdeep_renny/welding_path_ws/install/point_selector_gui/lib/python3.10/site-packages:${PYTHONPATH} /usr/bin/python3 -W ignore:setup.py install is deprecated -W ignore:easy_install command is deprecated setup.py egg_info --egg-base ../../build/point_selector_gui build --build-base /home/jasdeep_renny/welding_path_ws/build/point_selector_gui/build install --record /home/jasdeep_renny/welding_path_ws/build/point_selector_gui/install.log --single-version-externally-managed install_data
[0.998s] DEBUG:colcon.colcon_core.event_handler.log_command:Invoked command in '/home/jasdeep_renny/welding_path_ws/src/point_selector_gui' returned '0': PYTHONPATH=/home/jasdeep_renny/welding_path_ws/build/point_selector_gui/prefix_override:/usr/lib/python3/dist-packages/colcon_core/task/python/colcon_distutils_commands:/home/jasdeep_renny/welding_path_ws/install/point_selector_gui/lib/python3.10/site-packages:${PYTHONPATH} /usr/bin/python3 -W ignore:setup.py install is deprecated -W ignore:easy_install command is deprecated setup.py egg_info --egg-base ../../build/point_selector_gui build --build-base /home/jasdeep_renny/welding_path_ws/build/point_selector_gui/build install --record /home/jasdeep_renny/welding_path_ws/build/point_selector_gui/install.log --single-version-externally-managed install_data
[1.000s] Level 1:colcon.colcon_core.environment:checking '/home/jasdeep_renny/welding_path_ws/install/point_selector_gui' for CMake module files
[1.000s] Level 1:colcon.colcon_core.environment:checking '/home/jasdeep_renny/welding_path_ws/install/point_selector_gui' for CMake config files
[1.001s] Level 1:colcon.colcon_core.environment:checking '/home/jasdeep_renny/welding_path_ws/install/point_selector_gui/lib'
[1.001s] Level 1:colcon.colcon_core.environment:checking '/home/jasdeep_renny/welding_path_ws/install/point_selector_gui/bin'
[1.001s] Level 1:colcon.colcon_core.environment:checking '/home/jasdeep_renny/welding_path_ws/install/point_selector_gui/lib/pkgconfig/point_selector_gui.pc'
[1.001s] Level 1:colcon.colcon_core.environment:checking '/home/jasdeep_renny/welding_path_ws/install/point_selector_gui/lib/python3.10/site-packages'
[1.001s] Level 1:colcon.colcon_core.shell:create_environment_hook('point_selector_gui', 'pythonpath')
[1.001s] INFO:colcon.colcon_core.shell:Creating environment hook '/home/jasdeep_renny/welding_path_ws/install/point_selector_gui/share/point_selector_gui/hook/pythonpath.ps1'
[1.001s] INFO:colcon.colcon_core.shell:Creating environment descriptor '/home/jasdeep_renny/welding_path_ws/install/point_selector_gui/share/point_selector_gui/hook/pythonpath.dsv'
[1.001s] INFO:colcon.colcon_core.shell:Creating environment hook '/home/jasdeep_renny/welding_path_ws/install/point_selector_gui/share/point_selector_gui/hook/pythonpath.sh'
[1.002s] Level 1:colcon.colcon_core.environment:checking '/home/jasdeep_renny/welding_path_ws/install/point_selector_gui/bin'
[1.002s] Level 1:colcon.colcon_core.environment:create_environment_scripts_only(point_selector_gui)
[1.002s] INFO:colcon.colcon_core.shell:Creating package script '/home/jasdeep_renny/welding_path_ws/install/point_selector_gui/share/point_selector_gui/package.ps1'
[1.002s] INFO:colcon.colcon_core.shell:Creating package descriptor '/home/jasdeep_renny/welding_path_ws/install/point_selector_gui/share/point_selector_gui/package.dsv'
[1.002s] INFO:colcon.colcon_core.shell:Creating package script '/home/jasdeep_renny/welding_path_ws/install/point_selector_gui/share/point_selector_gui/package.sh'
[1.003s] INFO:colcon.colcon_core.shell:Creating package script '/home/jasdeep_renny/welding_path_ws/install/point_selector_gui/share/point_selector_gui/package.bash'
[1.003s] INFO:colcon.colcon_core.shell:Creating package script '/home/jasdeep_renny/welding_path_ws/install/point_selector_gui/share/point_selector_gui/package.zsh'
[1.003s] Level 1:colcon.colcon_core.environment:create_file_with_runtime_dependencies(/home/jasdeep_renny/welding_path_ws/install/point_selector_gui/share/colcon-core/packages/point_selector_gui)
[1.004s] Level 1:colcon.colcon_core.environment:checking '/home/jasdeep_renny/welding_path_ws/install/geodesic_path_planner' for CMake module files
[1.004s] DEBUG:colcon.colcon_core.event_handler.log_command:Invoked command in '/home/jasdeep_renny/welding_path_ws/src/geodesic_path_planner' returned '0': PYTHONPATH=/home/jasdeep_renny/welding_path_ws/build/geodesic_path_planner/prefix_override:/usr/lib/python3/dist-packages/colcon_core/task/python/colcon_distutils_commands:/home/jasdeep_renny/welding_path_ws/install/geodesic_path_planner/lib/python3.10/site-packages:${PYTHONPATH} /usr/bin/python3 -W ignore:setup.py install is deprecated -W ignore:easy_install command is deprecated setup.py egg_info --egg-base ../../build/geodesic_path_planner build --build-base /home/jasdeep_renny/welding_path_ws/build/geodesic_path_planner/build install --record /home/jasdeep_renny/welding_path_ws/build/geodesic_path_planner/install.log --single-version-externally-managed install_data
[1.004s] Level 1:colcon.colcon_core.environment:checking '/home/jasdeep_renny/welding_path_ws/install/geodesic_path_planner' for CMake config files
[1.005s] Level 1:colcon.colcon_core.environment:checking '/home/jasdeep_renny/welding_path_ws/install/geodesic_path_planner/lib'
[1.005s] Level 1:colcon.colcon_core.environment:checking '/home/jasdeep_renny/welding_path_ws/install/geodesic_path_planner/bin'
[1.005s] Level 1:colcon.colcon_core.environment:checking '/home/jasdeep_renny/welding_path_ws/install/geodesic_path_planner/lib/pkgconfig/geodesic_path_planner.pc'
[1.005s] Level 1:colcon.colcon_core.environment:checking '/home/jasdeep_renny/welding_path_ws/install/geodesic_path_planner/lib/python3.10/site-packages'
[1.005s] Level 1:colcon.colcon_core.shell:create_environment_hook('geodesic_path_planner', 'pythonpath')
[1.005s] INFO:colcon.colcon_core.shell:Creating environment hook '/home/jasdeep_renny/welding_path_ws/install/geodesic_path_planner/share/geodesic_path_planner/hook/pythonpath.ps1'
[1.005s] INFO:colcon.colcon_core.shell:Creating environment descriptor '/home/jasdeep_renny/welding_path_ws/install/geodesic_path_planner/share/geodesic_path_planner/hook/pythonpath.dsv'
[1.006s] INFO:colcon.colcon_core.shell:Creating environment hook '/home/jasdeep_renny/welding_path_ws/install/geodesic_path_planner/share/geodesic_path_planner/hook/pythonpath.sh'
[1.006s] Level 1:colcon.colcon_core.environment:checking '/home/jasdeep_renny/welding_path_ws/install/geodesic_path_planner/bin'
[1.006s] Level 1:colcon.colcon_core.environment:create_environment_scripts_only(geodesic_path_planner)
[1.006s] INFO:colcon.colcon_core.shell:Creating package script '/home/jasdeep_renny/welding_path_ws/install/geodesic_path_planner/share/geodesic_path_planner/package.ps1'
[1.007s] INFO:colcon.colcon_core.shell:Creating package descriptor '/home/jasdeep_renny/welding_path_ws/install/geodesic_path_planner/share/geodesic_path_planner/package.dsv'
[1.007s] INFO:colcon.colcon_core.shell:Creating package script '/home/jasdeep_renny/welding_path_ws/install/geodesic_path_planner/share/geodesic_path_planner/package.sh'
[1.007s] INFO:colcon.colcon_core.shell:Creating package script '/home/jasdeep_renny/welding_path_ws/install/geodesic_path_planner/share/geodesic_path_planner/package.bash'
[1.007s] INFO:colcon.colcon_core.shell:Creating package script '/home/jasdeep_renny/welding_path_ws/install/geodesic_path_planner/share/geodesic_path_planner/package.zsh'
[1.007s] Level 1:colcon.colcon_core.environment:create_file_with_runtime_dependencies(/home/jasdeep_renny/welding_path_ws/install/geodesic_path_planner/share/colcon-core/packages/geodesic_path_planner)
[1.008s] DEBUG:colcon.colcon_parallel_executor.executor.parallel:closing loop
[1.008s] DEBUG:colcon.colcon_parallel_executor.executor.parallel:loop closed
[1.008s] DEBUG:colcon.colcon_parallel_executor.executor.parallel:run_until_complete finished with '0'
[1.008s] DEBUG:colcon.colcon_core.event_reactor:joining thread
[1.013s] INFO:colcon.colcon_core.plugin_system:Skipping extension 'colcon_notification.desktop_notification.terminal_notifier': Not used on non-Darwin systems
[1.013s] INFO:colcon.colcon_core.plugin_system:Skipping extension 'colcon_notification.desktop_notification.win32': Not used on non-Windows systems
[1.013s] INFO:colcon.colcon_notification.desktop_notification:Sending desktop notification using 'notify2'
[1.041s] DEBUG:colcon.colcon_core.event_reactor:joined thread
[1.041s] INFO:colcon.colcon_core.shell:Creating prefix script '/home/jasdeep_renny/welding_path_ws/install/local_setup.ps1'
[1.041s] INFO:colcon.colcon_core.shell:Creating prefix util module '/home/jasdeep_renny/welding_path_ws/install/_local_setup_util_ps1.py'
[1.042s] INFO:colcon.colcon_core.shell:Creating prefix chain script '/home/jasdeep_renny/welding_path_ws/install/setup.ps1'
[1.043s] INFO:colcon.colcon_core.shell:Creating prefix script '/home/jasdeep_renny/welding_path_ws/install/local_setup.sh'
[1.044s] INFO:colcon.colcon_core.shell:Creating prefix util module '/home/jasdeep_renny/welding_path_ws/install/_local_setup_util_sh.py'
[1.044s] INFO:colcon.colcon_core.shell:Creating prefix chain script '/home/jasdeep_renny/welding_path_ws/install/setup.sh'
[1.045s] INFO:colcon.colcon_core.shell:Creating prefix script '/home/jasdeep_renny/welding_path_ws/install/local_setup.bash'
[1.045s] INFO:colcon.colcon_core.shell:Creating prefix chain script '/home/jasdeep_renny/welding_path_ws/install/setup.bash'
[1.046s] INFO:colcon.colcon_core.shell:Creating prefix script '/home/jasdeep_renny/welding_path_ws/install/local_setup.zsh'
[1.046s] INFO:colcon.colcon_core.shell:Creating prefix chain script '/home/jasdeep_renny/welding_path_ws/install/setup.zsh'
